// Jest Snapshot v1, https://goo.gl/fbAQLP

exports[`ErrorList should render a correct list 1`] = `
Object {
  "asFragment": [Function],
  "baseElement": <body>
    <div>
      <li
        class="MuiListItem-root MuiListItem-gutters MuiListItem-padding error-list css-1p823my-MuiListItem-root"
      >
        <div
          class="MuiBox-root css-0"
        >
          <ul
            class="MuiList-root MuiList-padding css-h4y409-MuiList-root"
          >
            <li
              class="MuiListItem-root MuiListItem-gutters MuiListItem-padding css-1p823my-MuiListItem-root"
            >
              <div
                class="MuiBox-root css-tx8ton"
              >
                <p
                  class="MuiTypography-root MuiTypography-body1 css-uzsolv-MuiTypography-root"
                >
                  testTitle: 
                </p>
                <p
                  class="MuiTypography-root MuiTypography-body1 css-ahj2mt-MuiTypography-root"
                >
                  testMessage
                </p>
              </div>
            </li>
            <li
              class="MuiListItem-root MuiListItem-gutters MuiListItem-padding css-1p823my-MuiListItem-root"
            >
              <div
                class="MuiBox-root css-tx8ton"
              >
                <p
                  class="MuiTypography-root MuiTypography-body1 css-uzsolv-MuiTypography-root"
                >
                  testTitle: 
                </p>
                <p
                  class="MuiTypography-root MuiTypography-body1 css-ahj2mt-MuiTypography-root"
                >
                  testMessage
                </p>
              </div>
            </li>
            <li
              class="MuiListItem-root MuiListItem-gutters MuiListItem-padding error-list css-1p823my-MuiListItem-root"
            >
              <div
                class="MuiBox-root css-0"
              >
                <ul
                  class="MuiList-root MuiList-padding css-h4y409-MuiList-root"
                >
                  <li
                    class="MuiListItem-root MuiListItem-gutters MuiListItem-padding css-1p823my-MuiListItem-root"
                  >
                    <div
                      class="MuiBox-root css-tx8ton"
                    >
                      <p
                        class="MuiTypography-root MuiTypography-body1 css-uzsolv-MuiTypography-root"
                      >
                        testTitle: 
                      </p>
                      <p
                        class="MuiTypography-root MuiTypography-body1 css-ahj2mt-MuiTypography-root"
                      >
                        testMessage
                      </p>
                    </div>
                  </li>
                  <li
                    class="MuiListItem-root MuiListItem-gutters MuiListItem-padding css-1p823my-MuiListItem-root"
                  >
                    <div
                      class="MuiBox-root css-tx8ton"
                    >
                      <p
                        class="MuiTypography-root MuiTypography-body1 css-uzsolv-MuiTypography-root"
                      >
                        testTitle: 
                      </p>
                      <p
                        class="MuiTypography-root MuiTypography-body1 css-ahj2mt-MuiTypography-root"
                      >
                        testMessage
                      </p>
                    </div>
                  </li>
                  <li
                    class="MuiListItem-root MuiListItem-gutters MuiListItem-padding css-1p823my-MuiListItem-root"
                  >
                    <div
                      class="MuiBox-root css-0"
                    >
                      <p
                        class="MuiTypography-root MuiTypography-body1 css-yniyb8-MuiTypography-root"
                      />
                      <ul
                        class="MuiList-root MuiList-padding css-h4y409-MuiList-root"
                      >
                        <li
                          class="MuiListItem-root MuiListItem-gutters MuiListItem-padding error-list css-1p823my-MuiListItem-root"
                        >
                          <div
                            class="MuiBox-root css-0"
                          >
                            <p
                              class="MuiTypography-root MuiTypography-body1 css-yniyb8-MuiTypography-root"
                            >
                              1 °
                            </p>
                            <ul
                              class="MuiList-root MuiList-padding css-h4y409-MuiList-root"
                            >
                              <li
                                class="MuiListItem-root MuiListItem-gutters MuiListItem-padding css-1p823my-MuiListItem-root"
                              >
                                <div
                                  class="MuiBox-root css-tx8ton"
                                >
                                  <p
                                    class="MuiTypography-root MuiTypography-body1 css-uzsolv-MuiTypography-root"
                                  >
                                    testTitle: 
                                  </p>
                                  <p
                                    class="MuiTypography-root MuiTypography-body1 css-ahj2mt-MuiTypography-root"
                                  >
                                    testMessage
                                  </p>
                                </div>
                              </li>
                            </ul>
                          </div>
                        </li>
                        <li
                          class="MuiListItem-root MuiListItem-gutters MuiListItem-padding error-list css-1p823my-MuiListItem-root"
                        >
                          <div
                            class="MuiBox-root css-0"
                          >
                            <p
                              class="MuiTypography-root MuiTypography-body1 css-yniyb8-MuiTypography-root"
                            >
                              2 °
                            </p>
                            <ul
                              class="MuiList-root MuiList-padding css-h4y409-MuiList-root"
                            >
                              <li
                                class="MuiListItem-root MuiListItem-gutters MuiListItem-padding css-1p823my-MuiListItem-root"
                              >
                                <div
                                  class="MuiBox-root css-tx8ton"
                                >
                                  <p
                                    class="MuiTypography-root MuiTypography-body1 css-uzsolv-MuiTypography-root"
                                  >
                                    testTitle: 
                                  </p>
                                  <p
                                    class="MuiTypography-root MuiTypography-body1 css-ahj2mt-MuiTypography-root"
                                  >
                                    testMessage
                                  </p>
                                </div>
                              </li>
                            </ul>
                          </div>
                        </li>
                      </ul>
                    </div>
                  </li>
                </ul>
              </div>
            </li>
          </ul>
        </div>
      </li>
    </div>
  </body>,
  "container": <div>
    <li
      class="MuiListItem-root MuiListItem-gutters MuiListItem-padding error-list css-1p823my-MuiListItem-root"
    >
      <div
        class="MuiBox-root css-0"
      >
        <ul
          class="MuiList-root MuiList-padding css-h4y409-MuiList-root"
        >
          <li
            class="MuiListItem-root MuiListItem-gutters MuiListItem-padding css-1p823my-MuiListItem-root"
          >
            <div
              class="MuiBox-root css-tx8ton"
            >
              <p
                class="MuiTypography-root MuiTypography-body1 css-uzsolv-MuiTypography-root"
              >
                testTitle: 
              </p>
              <p
                class="MuiTypography-root MuiTypography-body1 css-ahj2mt-MuiTypography-root"
              >
                testMessage
              </p>
            </div>
          </li>
          <li
            class="MuiListItem-root MuiListItem-gutters MuiListItem-padding css-1p823my-MuiListItem-root"
          >
            <div
              class="MuiBox-root css-tx8ton"
            >
              <p
                class="MuiTypography-root MuiTypography-body1 css-uzsolv-MuiTypography-root"
              >
                testTitle: 
              </p>
              <p
                class="MuiTypography-root MuiTypography-body1 css-ahj2mt-MuiTypography-root"
              >
                testMessage
              </p>
            </div>
          </li>
          <li
            class="MuiListItem-root MuiListItem-gutters MuiListItem-padding error-list css-1p823my-MuiListItem-root"
          >
            <div
              class="MuiBox-root css-0"
            >
              <ul
                class="MuiList-root MuiList-padding css-h4y409-MuiList-root"
              >
                <li
                  class="MuiListItem-root MuiListItem-gutters MuiListItem-padding css-1p823my-MuiListItem-root"
                >
                  <div
                    class="MuiBox-root css-tx8ton"
                  >
                    <p
                      class="MuiTypography-root MuiTypography-body1 css-uzsolv-MuiTypography-root"
                    >
                      testTitle: 
                    </p>
                    <p
                      class="MuiTypography-root MuiTypography-body1 css-ahj2mt-MuiTypography-root"
                    >
                      testMessage
                    </p>
                  </div>
                </li>
                <li
                  class="MuiListItem-root MuiListItem-gutters MuiListItem-padding css-1p823my-MuiListItem-root"
                >
                  <div
                    class="MuiBox-root css-tx8ton"
                  >
                    <p
                      class="MuiTypography-root MuiTypography-body1 css-uzsolv-MuiTypography-root"
                    >
                      testTitle: 
                    </p>
                    <p
                      class="MuiTypography-root MuiTypography-body1 css-ahj2mt-MuiTypography-root"
                    >
                      testMessage
                    </p>
                  </div>
                </li>
                <li
                  class="MuiListItem-root MuiListItem-gutters MuiListItem-padding css-1p823my-MuiListItem-root"
                >
                  <div
                    class="MuiBox-root css-0"
                  >
                    <p
                      class="MuiTypography-root MuiTypography-body1 css-yniyb8-MuiTypography-root"
                    />
                    <ul
                      class="MuiList-root MuiList-padding css-h4y409-MuiList-root"
                    >
                      <li
                        class="MuiListItem-root MuiListItem-gutters MuiListItem-padding error-list css-1p823my-MuiListItem-root"
                      >
                        <div
                          class="MuiBox-root css-0"
                        >
                          <p
                            class="MuiTypography-root MuiTypography-body1 css-yniyb8-MuiTypography-root"
                          >
                            1 °
                          </p>
                          <ul
                            class="MuiList-root MuiList-padding css-h4y409-MuiList-root"
                          >
                            <li
                              class="MuiListItem-root MuiListItem-gutters MuiListItem-padding css-1p823my-MuiListItem-root"
                            >
                              <div
                                class="MuiBox-root css-tx8ton"
                              >
                                <p
                                  class="MuiTypography-root MuiTypography-body1 css-uzsolv-MuiTypography-root"
                                >
                                  testTitle: 
                                </p>
                                <p
                                  class="MuiTypography-root MuiTypography-body1 css-ahj2mt-MuiTypography-root"
                                >
                                  testMessage
                                </p>
                              </div>
                            </li>
                          </ul>
                        </div>
                      </li>
                      <li
                        class="MuiListItem-root MuiListItem-gutters MuiListItem-padding error-list css-1p823my-MuiListItem-root"
                      >
                        <div
                          class="MuiBox-root css-0"
                        >
                          <p
                            class="MuiTypography-root MuiTypography-body1 css-yniyb8-MuiTypography-root"
                          >
                            2 °
                          </p>
                          <ul
                            class="MuiList-root MuiList-padding css-h4y409-MuiList-root"
                          >
                            <li
                              class="MuiListItem-root MuiListItem-gutters MuiListItem-padding css-1p823my-MuiListItem-root"
                            >
                              <div
                                class="MuiBox-root css-tx8ton"
                              >
                                <p
                                  class="MuiTypography-root MuiTypography-body1 css-uzsolv-MuiTypography-root"
                                >
                                  testTitle: 
                                </p>
                                <p
                                  class="MuiTypography-root MuiTypography-body1 css-ahj2mt-MuiTypography-root"
                                >
                                  testMessage
                                </p>
                              </div>
                            </li>
                          </ul>
                        </div>
                      </li>
                    </ul>
                  </div>
                </li>
              </ul>
            </div>
          </li>
        </ul>
      </div>
    </li>
  </div>,
  "debug": [Function],
  "findAllByAltText": [Function],
  "findAllByDisplayValue": [Function],
  "findAllByLabelText": [Function],
  "findAllByPlaceholderText": [Function],
  "findAllByRole": [Function],
  "findAllByTestId": [Function],
  "findAllByText": [Function],
  "findAllByTitle": [Function],
  "findByAltText": [Function],
  "findByDisplayValue": [Function],
  "findByLabelText": [Function],
  "findByPlaceholderText": [Function],
  "findByRole": [Function],
  "findByTestId": [Function],
  "findByText": [Function],
  "findByTitle": [Function],
  "getAllByAltText": [Function],
  "getAllByDisplayValue": [Function],
  "getAllByLabelText": [Function],
  "getAllByPlaceholderText": [Function],
  "getAllByRole": [Function],
  "getAllByTestId": [Function],
  "getAllByText": [Function],
  "getAllByTitle": [Function],
  "getByAltText": [Function],
  "getByDisplayValue": [Function],
  "getByLabelText": [Function],
  "getByPlaceholderText": [Function],
  "getByRole": [Function],
  "getByTestId": [Function],
  "getByText": [Function],
  "getByTitle": [Function],
  "queryAllByAltText": [Function],
  "queryAllByDisplayValue": [Function],
  "queryAllByLabelText": [Function],
  "queryAllByPlaceholderText": [Function],
  "queryAllByRole": [Function],
  "queryAllByTestId": [Function],
  "queryAllByText": [Function],
  "queryAllByTitle": [Function],
  "queryByAltText": [Function],
  "queryByDisplayValue": [Function],
  "queryByLabelText": [Function],
  "queryByPlaceholderText": [Function],
  "queryByRole": [Function],
  "queryByTestId": [Function],
  "queryByText": [Function],
  "queryByTitle": [Function],
  "rerender": [Function],
  "unmount": [Function],
}
`;
